CMD: cargo run -p xtask -- verify-completion-register --root .
CWD: /d/legion-ide-completion
BEGIN
    Finished `dev` profile [unoptimized + debuginfo] target(s) in 0.31s
     Running `target\debug\xtask.exe verify-completion-register --root .`
implementation status counts:
  absent: 43
  implemented: 143
  partial: 233
acceptance status counts:
  unassessed: 419
verify-completion-register found 144 structural issue(s):
- COMP-BTD-001 required row has empty scenario/configuration coverage
- COMP-CAN-005 required row has empty scenario/configuration coverage
- COMP-CAN-008 required row has empty scenario/configuration coverage
- COMP-COLLAB-001 required row has empty scenario/configuration coverage
- COMP-COLLAB-002 required row has empty scenario/configuration coverage
- COMP-COLLAB-003 required row has empty scenario/configuration coverage
- COMP-COLLAB-004 required row has empty scenario/configuration coverage
- COMP-COLLAB-005 required row has empty scenario/configuration coverage
- COMP-COLLAB-006 required row has empty scenario/configuration coverage
- COMP-DIST-001 required row has empty scenario/configuration coverage
- COMP-DIST-010 product requirement cannot be owned by S6
- COMP-ENT-001 required row has empty scenario/configuration coverage
- COMP-ENT-002 required row has empty scenario/configuration coverage
- COMP-ENT-005 required row has empty scenario/configuration coverage
- COMP-ENT-006 required row has empty scenario/configuration coverage
- COMP-LANG-001 required row has empty scenario/configuration coverage
- COMP-P1-F1-T2-1 required row has empty scenario/configuration coverage
- COMP-P1-F1-T3-1 required row has empty scenario/configuration coverage
- COMP-P1-F1-T4-1 required row has empty scenario/configuration coverage
- COMP-P1-F3-T1-1 required row has empty scenario/configuration coverage
- COMP-P1-F4-T1-1 required row has empty scenario/configuration coverage
- COMP-P1-F4-T5-1 required row has empty scenario/configuration coverage
- COMP-P3-F1-T1-1.source_refs path `plans/evidence/production/M9/` is not a file
- COMP-P3-F1-T2-1.source_refs path `plans/evidence/production/M9/` is not a file
- COMP-P3-F1-T3-1.source_refs path `plans/evidence/production/M9/` is not a file
- COMP-P3-F1-T4-1.source_refs path `plans/evidence/production/M9/` is not a file
- COMP-P3-F2-T1-1.source_refs path `plans/evidence/production/M9/` is not a file
- COMP-P3-F2-T2-1.source_refs path `plans/evidence/production/M9/` is not a file
- COMP-P3-F2-T3-1.source_refs path `plans/evidence/production/M9/` is not a file
- COMP-P3-F2-T4-1.source_refs path `plans/evidence/production/M9/` is not a file
- COMP-P3-F3-T1-1.source_refs path `plans/evidence/production/M9/` is not a file
- COMP-P3-F3-T2-1.source_refs path `plans/evidence/production/M9/` is not a file
- COMP-P3-F3-T3-1.source_refs path `plans/evidence/production/M9/` is not a file
- COMP-P3-F3-T4-1.source_refs path `plans/evidence/production/M9/` is not a file
- COMP-P3-F4-T1-1 required row has empty scenario/configuration coverage
- COMP-P3-F4-T1-1.source_refs path `plans/evidence/production/M9/` is not a file
- COMP-P3-F4-T2-1.source_refs path `plans/evidence/production/M9/` is not a file
- COMP-P3-F4-T3-1.source_refs path `plans/evidence/production/M9/` is not a file
- COMP-P3-F4-T4-1.source_refs path `plans/evidence/production/M9/` is not a file
- COMP-P4-F1-T1-1.source_refs path `plans/evidence/production/M9/` is not a file
- COMP-P4-F1-T2-1.source_refs path `plans/evidence/production/M9/` is not a file
- COMP-P4-F1-T3-1.source_refs path `plans/evidence/production/M9/` is not a file
- COMP-P4-F1-T4-1 required row has empty scenario/configuration coverage
- COMP-P4-F1-T4-1.source_refs path `plans/evidence/production/M9/` is not a file
- COMP-P4-F2-T1-1.source_refs path `plans/evidence/production/M9/` is not a file
- COMP-P4-F2-T2-1.source_refs path `plans/evidence/production/M9/` is not a file
- COMP-P4-F2-T3-1.source_refs path `plans/evidence/production/M9/` is not a file
- COMP-P4-F2-T4-1.source_refs path `plans/evidence/production/M9/` is not a file
- COMP-P4-F3-T1-1.source_refs path `plans/evidence/production/M9/` is not a file
- COMP-P4-F3-T2-1.source_refs path `plans/evidence/production/M9/` is not a file
- COMP-P4-F3-T3-1.source_refs path `plans/evidence/production/M9/` is not a file
- COMP-P4-F3-T4-1.source_refs path `plans/evidence/production/M9/` is not a file
- COMP-P4-F4-T1-1.source_refs path `plans/evidence/production/M9/` is not a file
- COMP-P4-F4-T2-1.source_refs path `plans/evidence/production/M9/` is not a file
- COMP-P4-F4-T3-1.source_refs path `plans/evidence/production/M9/` is not a file
- COMP-P6-F4-T1-1 required row has empty scenario/configuration coverage
- COMP-P7-F1-T1-1 required row has empty scenario/configuration coverage
- COMP-P8-F2-T1-1 required row has empty scenario/configuration coverage
- COMP-P8-F4-T1-1 required row has empty scenario/configuration coverage
- COMP-P8-F4-T2-1 required row has empty scenario/configuration coverage
- COMP-P8-F4-T3-1 required row has empty scenario/configuration coverage
- COMP-P9-F1-T1-1 required row has empty scenario/configuration coverage
- COMP-P9-F1-T2-1 required row has empty scenario/configuration coverage
- COMP-P9-F1-T3-1 required row has empty scenario/configuration coverage
- COMP-P9-F1-T4-1 required row has empty scenario/configuration coverage
- COMP-P9-F3-T1-1 required row has empty scenario/configuration coverage
- COMP-P9-F3-T2-1 required row has empty scenario/configuration coverage
- COMP-P9-F3-T3-1 required row has empty scenario/configuration coverage
- COMP-P9-F3-T4-1 required row has empty scenario/configuration coverage
- COMP-P9-F4-T1-1 required row has empty scenario/configuration coverage
- COMP-P9-F4-T3-1 required row has empty scenario/configuration coverage
- COMP-PLAT-001 required row has empty scenario/configuration coverage
- COMP-PROV-002.legacy_ids unknown Kanban task `COMP-P4-F1-T2-1`
- COMP-PROV-003.legacy_ids unknown Kanban task `COMP-P4-F1-T3-1`
- COMP-PROV-005.legacy_ids unknown Kanban task `COMP-P4-F1-T1-1`
- COMP-PROV-008 required row has empty scenario/configuration coverage
- COMP-PROV-009 required row has empty scenario/configuration coverage
- COMP-PROV-010 required row has empty scenario/configuration coverage
- COMP-PROV-011 required row has empty scenario/configuration coverage
- COMP-REMOTE-001 required row has empty scenario/configuration coverage
- COMP-REMOTE-002 required row has empty scenario/configuration coverage
- COMP-REMOTE-003 required row has empty scenario/configuration coverage
- COMP-REMOTE-004 required row has empty scenario/configuration coverage
- COMP-REMOTE-005 required row has empty scenario/configuration coverage
- COMP-REMOTE-006 required row has empty scenario/configuration coverage
- COMP-REMOTE-007 required row has empty scenario/configuration coverage
- COMP-REMOTE-008 required row has empty scenario/configuration coverage
- COMP-REMOTE-009 required row has empty scenario/configuration coverage
- COMP-REMOTE-010 required row has empty scenario/configuration coverage
- COMP-REMOTE-011 required row has empty scenario/configuration coverage
- COMP-REMOTE-012 required row has empty scenario/configuration coverage
- COMP-REMOTE-013 required row has empty scenario/configuration coverage
- COMP-REMOTE-014 required row has empty scenario/configuration coverage
- COMP-REMOTE-015 required row has empty scenario/configuration coverage
- COMP-REMOTE-016 required row has empty scenario/configuration coverage
- COMP-REMOTE-017 required row has empty scenario/configuration coverage
- COMP-REMOTE-018 required row has empty scenario/configuration coverage
- COMP-SCOPE-FAMILY-12-04.protected_product_ids must be empty for product
- COMP-SCOPE-FAMILY-12-05.protected_product_ids must be empty for product
- COMP-SCOPE-FAMILY-12-06.protected_product_ids must be empty for product
- COMP-SCOPE-FAMILY-12-07.protected_product_ids must be empty for product
- COMP-SCOPE-FAMILY-12-08.protected_product_ids must be empty for product
- COMP-SCOPE-FAMILY-12-09.protected_product_ids must be empty for product
- COMP-SCOPE-FAMILY-12-10.protected_product_ids must be empty for product
- COMP-SCOPE-FAMILY-12-11 required row has empty scenario/configuration coverage
- COMP-SCOPE-FAMILY-12-11.protected_product_ids must be empty for product
- COMP-SCOPE-FAMILY-12-13.protected_product_ids must be empty for product
- COMP-SCOPE-FAMILY-13-02.protected_product_ids must be empty for product
- COMP-SCOPE-FAMILY-13-03.protected_product_ids must be empty for product
- COMP-SCOPE-FAMILY-13-06.protected_product_ids must be empty for product
- COMP-SCOPE-FAMILY-13-08 required row has empty scenario/configuration coverage
- COMP-SCOPE-FAMILY-13-08.protected_product_ids must be empty for product
- COMP-SCOPE-FAMILY-13-11.protected_product_ids must be empty for product
- COMP-SCOPE-FAMILY-15-01 required row has empty scenario/configuration coverage
- COMP-SCOPE-FAMILY-17-01 required row has empty scenario/configuration coverage
- COMP-SCOPE-FAMILY-17-02.protected_product_ids must be empty for product
- COMP-SCOPE-FAMILY-17-03.protected_product_ids must be empty for product
- COMP-SCOPE-FAMILY-17-04.protected_product_ids must be empty for product
- COMP-SCOPE-FAMILY-17-05.protected_product_ids must be empty for product
- COMP-SCOPE-FAMILY-17-06 required row has empty scenario/configuration coverage
- COMP-SCOPE-FAMILY-17-06.protected_product_ids must be empty for product
- COMP-SCOPE-FAMILY-17-07 required row has empty scenario/configuration coverage
- COMP-SCOPE-FAMILY-17-08 required row has empty scenario/configuration coverage
- COMP-SCOPE-FAMILY-17-08.protected_product_ids must be empty for product
- COMP-SCOPE-FAMILY-17-09 required row has empty scenario/configuration coverage
- COMP-SCOPE-FAMILY-17-09.protected_product_ids must be empty for product
- COMP-SCOPE-FAMILY-17-10 required row has empty scenario/configuration coverage
- COMP-SCOPE-FAMILY-17-10.protected_product_ids must be empty for product
- COMP-SCOPE-FAMILY-17-11 required row has empty scenario/configuration coverage
- COMP-TRAIN-001 required row has empty scenario/configuration coverage
- COMP-TRAIN-007 required row has empty scenario/configuration coverage
- COMP-TRAIN-008 required row has empty scenario/configuration coverage
- COMP-TRAIN-009 required row has empty scenario/configuration coverage
- COMP-TRAIN-010 required row has empty scenario/configuration coverage
- COMP-TRUST-002.protected_product_ids must be empty for product
- COMP-TRUST-003.protected_product_ids must be empty for product
- COMP-TRUST-004.protected_product_ids must be empty for product
- COMP-TRUST-004.protected_product_ids target `COMP-P9-F2-T2-1` is not a product requirement
- COMP-TRUST-005.protected_product_ids must be empty for product
- COMP-TRUST-006.protected_product_ids must be empty for product
- COMP-TRUST-006.source_refs path `crates/legion-app/tests` is not a file
- COMP-TRUST-006.source_refs path `crates/legion-desktop/tests` is not a file
- DEF-2026-09-05-01 requirement link is not bidirectional
- DEF-2026-09-05-02 requirement link is not bidirectional
error: process didn't exit successfully: `target\debug\xtask.exe verify-completion-register --root .` (exit code: 1)
END
EXIT=1
