CMD: cargo run -p xtask -- verify-completion-register --root .
CWD: /d/legion-ide-completion
BEGIN
    Finished `dev` profile [unoptimized + debuginfo] target(s) in 0.33s
     Running `target\debug\xtask.exe verify-completion-register --root .`
implementation status counts:
  absent: 43
  implemented: 143
  partial: 233
acceptance status counts:
  unassessed: 419
verify-completion-register found 78 structural issue(s):
- COMP-BTD-001 required row has empty scenario/configuration coverage
- COMP-CAN-005 required row has empty scenario/configuration coverage
- COMP-CAN-008 required row has empty scenario/configuration coverage
- COMP-COLLAB-001 required row has empty scenario/configuration coverage
- COMP-COLLAB-002 required row has empty scenario/configuration coverage
- COMP-COLLAB-003 required row has empty scenario/configuration coverage
- COMP-COLLAB-004 required row has empty scenario/configuration coverage
- COMP-COLLAB-005 required row has empty scenario/configuration coverage
- COMP-COLLAB-006 required row has empty scenario/configuration coverage
- COMP-DIST-001 required row has empty scenario/configuration coverage
- COMP-DIST-010 product requirement cannot be owned by S6
- COMP-ENT-001 required row has empty scenario/configuration coverage
- COMP-ENT-002 required row has empty scenario/configuration coverage
- COMP-ENT-005 required row has empty scenario/configuration coverage
- COMP-ENT-006 required row has empty scenario/configuration coverage
- COMP-LANG-001 required row has empty scenario/configuration coverage
- COMP-P1-F1-T2-1 required row has empty scenario/configuration coverage
- COMP-P1-F1-T3-1 required row has empty scenario/configuration coverage
- COMP-P1-F1-T4-1 required row has empty scenario/configuration coverage
- COMP-P1-F3-T1-1 required row has empty scenario/configuration coverage
- COMP-P1-F4-T1-1 required row has empty scenario/configuration coverage
- COMP-P1-F4-T5-1 required row has empty scenario/configuration coverage
- COMP-P3-F4-T1-1 required row has empty scenario/configuration coverage
- COMP-P4-F1-T4-1 required row has empty scenario/configuration coverage
- COMP-P6-F4-T1-1 required row has empty scenario/configuration coverage
- COMP-P7-F1-T1-1 required row has empty scenario/configuration coverage
- COMP-P8-F2-T1-1 required row has empty scenario/configuration coverage
- COMP-P8-F4-T1-1 required row has empty scenario/configuration coverage
- COMP-P8-F4-T2-1 required row has empty scenario/configuration coverage
- COMP-P8-F4-T3-1 required row has empty scenario/configuration coverage
- COMP-P9-F1-T1-1 required row has empty scenario/configuration coverage
- COMP-P9-F1-T2-1 required row has empty scenario/configuration coverage
- COMP-P9-F1-T3-1 required row has empty scenario/configuration coverage
- COMP-P9-F1-T4-1 required row has empty scenario/configuration coverage
- COMP-P9-F3-T1-1 required row has empty scenario/configuration coverage
- COMP-P9-F3-T2-1 required row has empty scenario/configuration coverage
- COMP-P9-F3-T3-1 required row has empty scenario/configuration coverage
- COMP-P9-F3-T4-1 required row has empty scenario/configuration coverage
- COMP-P9-F4-T1-1 required row has empty scenario/configuration coverage
- COMP-P9-F4-T3-1 required row has empty scenario/configuration coverage
- COMP-PLAT-001 required row has empty scenario/configuration coverage
- COMP-PROV-008 required row has empty scenario/configuration coverage
- COMP-PROV-009 required row has empty scenario/configuration coverage
- COMP-PROV-010 required row has empty scenario/configuration coverage
- COMP-PROV-011 required row has empty scenario/configuration coverage
- COMP-REMOTE-001 required row has empty scenario/configuration coverage
- COMP-REMOTE-002 required row has empty scenario/configuration coverage
- COMP-REMOTE-003 required row has empty scenario/configuration coverage
- COMP-REMOTE-004 required row has empty scenario/configuration coverage
- COMP-REMOTE-005 required row has empty scenario/configuration coverage
- COMP-REMOTE-006 required row has empty scenario/configuration coverage
- COMP-REMOTE-007 required row has empty scenario/configuration coverage
- COMP-REMOTE-008 required row has empty scenario/configuration coverage
- COMP-REMOTE-009 required row has empty scenario/configuration coverage
- COMP-REMOTE-010 required row has empty scenario/configuration coverage
- COMP-REMOTE-011 required row has empty scenario/configuration coverage
- COMP-REMOTE-012 required row has empty scenario/configuration coverage
- COMP-REMOTE-013 required row has empty scenario/configuration coverage
- COMP-REMOTE-014 required row has empty scenario/configuration coverage
- COMP-REMOTE-015 required row has empty scenario/configuration coverage
- COMP-REMOTE-016 required row has empty scenario/configuration coverage
- COMP-REMOTE-017 required row has empty scenario/configuration coverage
- COMP-REMOTE-018 required row has empty scenario/configuration coverage
- COMP-SCOPE-FAMILY-12-11 required row has empty scenario/configuration coverage
- COMP-SCOPE-FAMILY-13-08 required row has empty scenario/configuration coverage
- COMP-SCOPE-FAMILY-15-01 required row has empty scenario/configuration coverage
- COMP-SCOPE-FAMILY-17-01 required row has empty scenario/configuration coverage
- COMP-SCOPE-FAMILY-17-06 required row has empty scenario/configuration coverage
- COMP-SCOPE-FAMILY-17-07 required row has empty scenario/configuration coverage
- COMP-SCOPE-FAMILY-17-08 required row has empty scenario/configuration coverage
- COMP-SCOPE-FAMILY-17-09 required row has empty scenario/configuration coverage
- COMP-SCOPE-FAMILY-17-10 required row has empty scenario/configuration coverage
- COMP-SCOPE-FAMILY-17-11 required row has empty scenario/configuration coverage
- COMP-TRAIN-001 required row has empty scenario/configuration coverage
- COMP-TRAIN-007 required row has empty scenario/configuration coverage
- COMP-TRAIN-008 required row has empty scenario/configuration coverage
- COMP-TRAIN-009 required row has empty scenario/configuration coverage
- COMP-TRAIN-010 required row has empty scenario/configuration coverage
error: process didn't exit successfully: `target\debug\xtask.exe verify-completion-register --root .` (exit code: 1)
END
EXIT=1
