CMD: cargo clippy --workspace --all-targets -j 1 -- -D warnings
CWD: D:/legion-ide-completion
BEGIN
    Checking legion-lsp v0.1.0 (D:\legion-ide-completion\crates\legion-lsp)
    Checking legion-app v0.1.0 (D:\legion-ide-completion\crates\legion-app)
warning: falling back to `f32` as the trait bound `f32: From<f64>` is not satisfied
    --> vendor\epaint\src\tessellator.rs:2326:34
     |
2326 |         let stroke = Stroke::new(2.0, Color32::from_rgb(150, 255, 150));
     |                                  ^^^ help: explicitly specify the type as `f32`: `2.0_f32`
     |
     = warning: this was previously accepted by the compiler but is being phased out; it will become a hard error in a future release!
     = note: for more information, see issue #154024 <https://github.com/rust-lang/rust/issues/154024>
     = note: `-W float-literal-f32-fallback` implied by `-W future-incompatible`
     = help: to override `-W future-incompatible` add `#[allow(float_literal_f32_fallback)]`

warning: `epaint` (lib) generated 1 warning (run `cargo clippy --fix --lib -p epaint -- -D warnings` to apply 1 suggestion)
    Checking legion-desktop v0.1.0 (D:\legion-ide-completion\crates\legion-desktop)
    Finished `dev` profile [unoptimized + debuginfo] target(s) in 1m 11s
END
EXIT=0
